
> @hatef/admin-web@0.1.0 dev E:\github\hatef-new version\frontend\admin-web
> dotenv -e ../../.env -- next dev --webpack --port 3000

▲ Next.js 16.2.11 (webpack)
- Local:         http://localhost:3000
- Network:       http://192.168.100.66:3000
✓ Ready in 5.3s

 GET / 200 in 4.5s (next.js: 3.3s, proxy.ts: 194ms, application-code: 981ms)
 GET / 200 in 246ms (next.js: 7ms, proxy.ts: 12ms, application-code: 227ms)
 GET / 200 in 206ms (next.js: 4ms, proxy.ts: 6ms, application-code: 197ms)
 GET / 200 in 247ms (next.js: 4ms, proxy.ts: 11ms, application-code: 233ms)
 GET /login 200 in 949ms (next.js: 769ms, proxy.ts: 9ms, application-code: 171ms)
 GET /login 200 in 187ms (next.js: 117ms, proxy.ts: 16ms, application-code: 54ms)
 GET /login 200 in 160ms (next.js: 103ms, proxy.ts: 7ms, application-code: 50ms)
 GET /login 200 in 510ms (next.js: 315ms, proxy.ts: 32ms, application-code: 163ms)
 GET / 200 in 545ms (next.js: 24ms, proxy.ts: 9ms, application-code: 513ms)
 GET /forms 200 in 1252ms (next.js: 1147ms, proxy.ts: 7ms, application-code: 97ms)
 GET /forms 200 in 74ms (next.js: 4ms, proxy.ts: 20ms, application-code: 50ms)
 GET /tasks 200 in 972ms (next.js: 819ms, proxy.ts: 6ms, application-code: 147ms)
 GET /tasks 200 in 89ms (next.js: 4ms, proxy.ts: 8ms, application-code: 77ms)
 GET /login 200 in 209ms (next.js: 17ms, proxy.ts: 7ms, application-code: 185ms)
 GET /login 200 in 92ms (next.js: 8ms, proxy.ts: 12ms, application-code: 72ms)
 GET /login 200 in 81ms (next.js: 7ms, proxy.ts: 7ms, application-code: 66ms)
 GET /channels 200 in 3.2s (next.js: 1627ms, proxy.ts: 9ms, application-code: 1544ms)
 GET /channels 200 in 1501ms (next.js: 10ms, proxy.ts: 16ms, application-code: 1475ms)
 GET /channels 200 in 1275ms (next.js: 33ms, proxy.ts: 464ms, application-code: 778ms)
 GET /channels 200 in 502ms (next.js: 12ms, proxy.ts: 12ms, application-code: 478ms)
 GET /channels 200 in 498ms (next.js: 10ms, proxy.ts: 64ms, application-code: 424ms)
 GET /forms 200 in 1189ms (next.js: 853ms, proxy.ts: 25ms, application-code: 312ms)
 GET /tasks 200 in 198ms (next.js: 23ms, proxy.ts: 10ms, application-code: 165ms)
 GET /promotion-types 200 in 1639ms (next.js: 1412ms, proxy.ts: 9ms, application-code: 218ms)
▲ Next.js 16.2.11 (webpack)
- Local:         http://localhost:3000
- Network:       http://192.168.100.66:3000
✓ Ready in 22.4s

○ Compiling middleware ...
○ Compiling /promotion-types ...
 GET /promotion-types 200 in 20.1s (next.js: 16.8s, proxy.ts: 1109ms, application-code: 2.2s)
[?25h
E:\github\hatef-new version\frontend\admin-web:
 ERR_PNPM_RECURSIVE_RUN_FIRST_FAIL  @hatef/admin-web@0.1.0 dev: `dotenv -e ../../.env -- next dev --webpack --port 3000`
Exit status 4294967295
