[31m[Nest] 20776  - [39m07/28/2026, 10:35:17 PM [31m  ERROR[39m [38;5;3m[HttpExceptionFilter] [39m[31mUnhandled exception on POST /api/v1/auth/partner/otp/request[39m
Error: SMS_PROVIDER_USERNAME/API_KEY_OR_PASSWORD/SENDER is not configured for the live SMS provider
    at LiveSmsProvider.send (E:\github\hatef-new version\backend\api\dist\sms\live-sms.provider.js:37:19)
    at OtpService.requestOtp (E:\github\hatef-new version\backend\api\dist\auth\otp.service.js:68:24)
    at process.processTicksAndRejections (node:internal/process/task_queues:104:5)
    at async E:\github\hatef-new version\node_modules\.pnpm\@nestjs+core@11.1.28_@nestjs+common@11.1.28_reflect-metadata@0.2.2_rxjs@7.8.2__@nestjs+platfo_g4jarpxk7gcuohx5alng3oa4ye\node_modules\@nestjs\core\router\router-execution-context.js:47:62
    at async E:\github\hatef-new version\node_modules\.pnpm\@nestjs+core@11.1.28_@nestjs+common@11.1.28_reflect-metadata@0.2.2_rxjs@7.8.2__@nestjs+platfo_g4jarpxk7gcuohx5alng3oa4ye\node_modules\@nestjs\core\router\router-proxy.js:9:17
[31m[Nest] 20776  - [39m07/28/2026, 10:54:47 PM [31m  ERROR[39m [38;5;3m[HttpExceptionFilter] [39m[31mUnhandled exception on POST /api/v1/auth/partner/otp/request[39m
Error: SMS_PROVIDER_USERNAME/API_KEY_OR_PASSWORD/SENDER is not configured for the live SMS provider
    at LiveSmsProvider.send (E:\github\hatef-new version\backend\api\dist\sms\live-sms.provider.js:37:19)
    at OtpService.requestOtp (E:\github\hatef-new version\backend\api\dist\auth\otp.service.js:68:24)
    at process.processTicksAndRejections (node:internal/process/task_queues:104:5)
    at async E:\github\hatef-new version\node_modules\.pnpm\@nestjs+core@11.1.28_@nestjs+common@11.1.28_reflect-metadata@0.2.2_rxjs@7.8.2__@nestjs+platfo_g4jarpxk7gcuohx5alng3oa4ye\node_modules\@nestjs\core\router\router-execution-context.js:47:62
    at async E:\github\hatef-new version\node_modules\.pnpm\@nestjs+core@11.1.28_@nestjs+common@11.1.28_reflect-metadata@0.2.2_rxjs@7.8.2__@nestjs+platfo_g4jarpxk7gcuohx5alng3oa4ye\node_modules\@nestjs\core\router\router-proxy.js:9:17
[31m[Nest] 20776  - [39m07/28/2026, 11:09:13 PM [31m  ERROR[39m [38;5;3m[HttpExceptionFilter] [39m[31mUnhandled exception on POST /api/v1/auth/internal/login[39m
InvalidIranianMobileError: Invalid Iranian mobile number
    at normalizeIranianMobile (E:\github\hatef-new version\backend\domain\dist\phone.js:39:15)
    at InternalAuthService.login (E:\github\hatef-new version\backend\api\dist\auth\internal-auth.service.js:45:60)
    at InternalAuthController.login (E:\github\hatef-new version\backend\api\dist\auth\internal-auth.controller.js:38:48)
    at E:\github\hatef-new version\node_modules\.pnpm\@nestjs+core@11.1.28_@nestjs+common@11.1.28_reflect-metadata@0.2.2_rxjs@7.8.2__@nestjs+platfo_g4jarpxk7gcuohx5alng3oa4ye\node_modules\@nestjs\core\router\router-execution-context.js:38:29
    at process.processTicksAndRejections (node:internal/process/task_queues:104:5)
    at async E:\github\hatef-new version\node_modules\.pnpm\@nestjs+core@11.1.28_@nestjs+common@11.1.28_reflect-metadata@0.2.2_rxjs@7.8.2__@nestjs+platfo_g4jarpxk7gcuohx5alng3oa4ye\node_modules\@nestjs\core\router\router-execution-context.js:47:62
    at async E:\github\hatef-new version\node_modules\.pnpm\@nestjs+core@11.1.28_@nestjs+common@11.1.28_reflect-metadata@0.2.2_rxjs@7.8.2__@nestjs+platfo_g4jarpxk7gcuohx5alng3oa4ye\node_modules\@nestjs\core\router\router-proxy.js:9:17
